
> @platform/campaign-engine@0.1.0 test C:\Users\REAB\Documents\Projects\ReviewRise\REVIEW-MONO-REPO\REVIEW-RISE-MONO-REPO\packages\@platform\campaign-engine
> jest

FAIL dist/__tests__/blueprint-v4.test.d.ts
  ● Test suite failed to run

    Your test suite must contain at least one test.

      at onResult (../../../node_modules/.pnpm/@jest+core@29.7.0_babel-plugin-macros@3.1.0/node_modules/@jest/core/build/TestScheduler.js:133:18)
      at ../../../node_modules/.pnpm/@jest+core@29.7.0_babel-plugin-macros@3.1.0/node_modules/@jest/core/build/TestScheduler.js:254:19
      at ../../../node_modules/.pnpm/emittery@0.13.1/node_modules/emittery/index.js:363:13
          at Array.map (<anonymous>)
      at Emittery.emit (../../../node_modules/.pnpm/emittery@0.13.1/node_modules/emittery/index.js:361:23)

PASS test/schema/campaign-plan.test.js
PASS test/schema/campaign-plan.test.ts
PASS test/strategy-engine.test.ts (5.154 s)
PASS test/strategy-engine.test.js (5.287 s)
FAIL dist/__tests__/blueprint-v4.test.js (6.644 s)
  ● Console

    console.log
      [AdGroup] Plumbing - Service | Keywords: 17 | Stage: MOF | Avg Intent: 10.0

      at src/engine/ad-group-builder.ts:64:25
          at Array.forEach (<anonymous>)

    console.log
      [AdGroup] Water Heater Repair - Service | Keywords: 17 | Stage: MOF | Avg Intent: 10.0

      at src/engine/ad-group-builder.ts:64:25
          at Array.forEach (<anonymous>)

    console.log
      [AdGroup] Drain Cleaning - Service | Keywords: 17 | Stage: MOF | Avg Intent: 10.0

      at src/engine/ad-group-builder.ts:64:25
          at Array.forEach (<anonymous>)

    console.log
      [AdGroup] Austin Plumbing Pros - Brand | Keywords: 5 | Stage: BOF | Avg Intent: 10.0

      at src/engine/ad-group-builder.ts:64:25
          at Array.forEach (<anonymous>)

    console.log
      [AdGroup] Leaky Faucet - Problem | Keywords: 5 | Stage: TOF | Avg Intent: 3.0

      at src/engine/ad-group-builder.ts:64:25
          at Array.forEach (<anonymous>)

    console.log
      [AdGroup] Clogged Drain - Problem | Keywords: 5 | Stage: TOF | Avg Intent: 3.0

      at src/engine/ad-group-builder.ts:64:25
          at Array.forEach (<anonymous>)

    console.log
      [AdGroup] No Hot Water - Problem | Keywords: 5 | Stage: TOF | Avg Intent: 3.0

      at src/engine/ad-group-builder.ts:64:25
          at Array.forEach (<anonymous>)

    console.log
      [AdGroup] Plumbing - Emergency | Keywords: 5 | Stage: BOF | Avg Intent: 10.0

      at src/engine/ad-group-builder.ts:64:25
          at Array.forEach (<anonymous>)

    console.log
      [AdGroup] Water Heater Repair - Emergency | Keywords: 5 | Stage: BOF | Avg Intent: 10.0

      at src/engine/ad-group-builder.ts:64:25
          at Array.forEach (<anonymous>)

    console.log
      [AdGroup] Drain Cleaning - Emergency | Keywords: 5 | Stage: BOF | Avg Intent: 10.0

      at src/engine/ad-group-builder.ts:64:25
          at Array.forEach (<anonymous>)

    console.warn
      Failed to crawl website, using heuristic fallback: Error: HTTP 500
          at LandingPageScorer.fetchPage (C:\Users\REAB\Documents\Projects\ReviewRise\REVIEW-MONO-REPO\REVIEW-RISE-MONO-REPO\packages\@platform\campaign-engine\src\engine\landing-page-scorer.ts:58:19)
          at processTicksAndRejections (node:internal/process/task_queues:105:5)
          at LandingPageScorer.analyze (C:\Users\REAB\Documents\Projects\ReviewRise\REVIEW-MONO-REPO\REVIEW-RISE-MONO-REPO\packages\@platform\campaign-engine\src\engine\landing-page-scorer.ts:39:26)
          at BlueprintEngineV4.generateBlueprint (C:\Users\REAB\Documents\Projects\ReviewRise\REVIEW-MONO-REPO\REVIEW-RISE-MONO-REPO\packages\@platform\campaign-engine\src\engine\blueprint-engine-v4.ts:32:37)
          at generateBlueprintV4 (C:\Users\REAB\Documents\Projects\ReviewRise\REVIEW-MONO-REPO\REVIEW-RISE-MONO-REPO\packages\@platform\campaign-engine\src\index.ts:66:12)
          at Object.<anonymous> (C:\Users\REAB\Documents\Projects\ReviewRise\REVIEW-MONO-REPO\REVIEW-RISE-MONO-REPO\packages\@platform\campaign-engine\src\__tests__\blueprint-v4.test.ts:21:22)

    [0m [90m 42 |[39m             [36mreturn[39m [36mthis[39m[33m.[39manalyzeRealPage($[33m,[39m input)[33m;[39m
     [90m 43 |[39m         } [36mcatch[39m (error) {
    [31m[1m>[22m[39m[90m 44 |[39m             console[33m.[39mwarn([32m'Failed to crawl website, using heuristic fallback:'[39m[33m,[39m error)[33m;[39m
     [90m    |[39m                     [31m[1m^[22m[39m
     [90m 45 |[39m             [36mreturn[39m [36mthis[39m[33m.[39manalyzeHeuristic(input)[33m;[39m
     [90m 46 |[39m         }
     [90m 47 |[39m     }[0m

      at LandingPageScorer.analyze (src/engine/landing-page-scorer.ts:44:21)
      at BlueprintEngineV4.generateBlueprint (src/engine/blueprint-engine-v4.ts:32:37)
      at generateBlueprintV4 (src/index.ts:66:12)
      at Object.<anonymous> (src/__tests__/blueprint-v4.test.ts:21:22)

    console.log
      [AdGroup] Plumbing - Service | Keywords: 17 | Stage: MOF | Avg Intent: 10.0

      at src/engine/ad-group-builder.ts:64:25
          at Array.forEach (<anonymous>)

    console.log
      [AdGroup] Water Heater Repair - Service | Keywords: 17 | Stage: MOF | Avg Intent: 10.0

      at src/engine/ad-group-builder.ts:64:25
          at Array.forEach (<anonymous>)

    console.log
      [AdGroup] Drain Cleaning - Service | Keywords: 17 | Stage: MOF | Avg Intent: 10.0

      at src/engine/ad-group-builder.ts:64:25
          at Array.forEach (<anonymous>)

    console.log
      [AdGroup] Austin Plumbing Pros - Brand | Keywords: 5 | Stage: BOF | Avg Intent: 10.0

      at src/engine/ad-group-builder.ts:64:25
          at Array.forEach (<anonymous>)

    console.log
      [AdGroup] Leaky Faucet - Problem | Keywords: 5 | Stage: TOF | Avg Intent: 3.0

      at src/engine/ad-group-builder.ts:64:25
          at Array.forEach (<anonymous>)

    console.log
      [AdGroup] Clogged Drain - Problem | Keywords: 5 | Stage: TOF | Avg Intent: 3.0

      at src/engine/ad-group-builder.ts:64:25
          at Array.forEach (<anonymous>)

    console.log
      [AdGroup] No Hot Water - Problem | Keywords: 5 | Stage: TOF | Avg Intent: 3.0

      at src/engine/ad-group-builder.ts:64:25
          at Array.forEach (<anonymous>)

    console.log
      [AdGroup] Plumbing - Emergency | Keywords: 5 | Stage: BOF | Avg Intent: 10.0

      at src/engine/ad-group-builder.ts:64:25
          at Array.forEach (<anonymous>)

    console.log
      [AdGroup] Water Heater Repair - Emergency | Keywords: 5 | Stage: BOF | Avg Intent: 10.0

      at src/engine/ad-group-builder.ts:64:25
          at Array.forEach (<anonymous>)

    console.log
      [AdGroup] Drain Cleaning - Emergency | Keywords: 5 | Stage: BOF | Avg Intent: 10.0

      at src/engine/ad-group-builder.ts:64:25
          at Array.forEach (<anonymous>)

    console.warn
      Failed to crawl website, using heuristic fallback: Error: HTTP 500
          at LandingPageScorer.fetchPage (C:\Users\REAB\Documents\Projects\ReviewRise\REVIEW-MONO-REPO\REVIEW-RISE-MONO-REPO\packages\@platform\campaign-engine\src\engine\landing-page-scorer.ts:58:19)
          at processTicksAndRejections (node:internal/process/task_queues:105:5)
          at LandingPageScorer.analyze (C:\Users\REAB\Documents\Projects\ReviewRise\REVIEW-MONO-REPO\REVIEW-RISE-MONO-REPO\packages\@platform\campaign-engine\src\engine\landing-page-scorer.ts:39:26)
          at BlueprintEngineV4.generateBlueprint (C:\Users\REAB\Documents\Projects\ReviewRise\REVIEW-MONO-REPO\REVIEW-RISE-MONO-REPO\packages\@platform\campaign-engine\src\engine\blueprint-engine-v4.ts:32:37)
          at generateBlueprintV4 (C:\Users\REAB\Documents\Projects\ReviewRise\REVIEW-MONO-REPO\REVIEW-RISE-MONO-REPO\packages\@platform\campaign-engine\src\index.ts:66:12)
          at Object.<anonymous> (C:\Users\REAB\Documents\Projects\ReviewRise\REVIEW-MONO-REPO\REVIEW-RISE-MONO-REPO\packages\@platform\campaign-engine\src\__tests__\blueprint-v4.test.ts:30:22)

    [0m [90m 42 |[39m             [36mreturn[39m [36mthis[39m[33m.[39manalyzeRealPage($[33m,[39m input)[33m;[39m
     [90m 43 |[39m         } [36mcatch[39m (error) {
    [31m[1m>[22m[39m[90m 44 |[39m             console[33m.[39mwarn([32m'Failed to crawl website, using heuristic fallback:'[39m[33m,[39m error)[33m;[39m
     [90m    |[39m                     [31m[1m^[22m[39m
     [90m 45 |[39m             [36mreturn[39m [36mthis[39m[33m.[39manalyzeHeuristic(input)[33m;[39m
     [90m 46 |[39m         }
     [90m 47 |[39m     }[0m

      at LandingPageScorer.analyze (src/engine/landing-page-scorer.ts:44:21)
      at BlueprintEngineV4.generateBlueprint (src/engine/blueprint-engine-v4.ts:32:37)
      at generateBlueprintV4 (src/index.ts:66:12)
      at Object.<anonymous> (src/__tests__/blueprint-v4.test.ts:30:22)

    console.log
      [AdGroup] Plumbing - Service | Keywords: 17 | Stage: MOF | Avg Intent: 10.0

      at src/engine/ad-group-builder.ts:64:25
          at Array.forEach (<anonymous>)

    console.log
      [AdGroup] Water Heater Repair - Service | Keywords: 17 | Stage: MOF | Avg Intent: 10.0

      at src/engine/ad-group-builder.ts:64:25
          at Array.forEach (<anonymous>)

    console.log
      [AdGroup] Drain Cleaning - Service | Keywords: 17 | Stage: MOF | Avg Intent: 10.0

      at src/engine/ad-group-builder.ts:64:25
          at Array.forEach (<anonymous>)

    console.log
      [AdGroup] Austin Plumbing Pros - Brand | Keywords: 5 | Stage: BOF | Avg Intent: 10.0

      at src/engine/ad-group-builder.ts:64:25
          at Array.forEach (<anonymous>)

    console.log
      [AdGroup] Leaky Faucet - Problem | Keywords: 5 | Stage: TOF | Avg Intent: 3.0

      at src/engine/ad-group-builder.ts:64:25
          at Array.forEach (<anonymous>)

    console.log
      [AdGroup] Clogged Drain - Problem | Keywords: 5 | Stage: TOF | Avg Intent: 3.0

      at src/engine/ad-group-builder.ts:64:25
          at Array.forEach (<anonymous>)

    console.log
      [AdGroup] No Hot Water - Problem | Keywords: 5 | Stage: TOF | Avg Intent: 3.0

      at src/engine/ad-group-builder.ts:64:25
          at Array.forEach (<anonymous>)

    console.log
      [AdGroup] Plumbing - Emergency | Keywords: 5 | Stage: BOF | Avg Intent: 10.0

      at src/engine/ad-group-builder.ts:64:25
          at Array.forEach (<anonymous>)

    console.log
      [AdGroup] Water Heater Repair - Emergency | Keywords: 5 | Stage: BOF | Avg Intent: 10.0

      at src/engine/ad-group-builder.ts:64:25
          at Array.forEach (<anonymous>)

    console.log
      [AdGroup] Drain Cleaning - Emergency | Keywords: 5 | Stage: BOF | Avg Intent: 10.0

      at src/engine/ad-group-builder.ts:64:25
          at Array.forEach (<anonymous>)

    console.warn
      Failed to crawl website, using heuristic fallback: TypeError: fetch failed
          at node:internal/deps/undici/undici:13502:13
          at LandingPageScorer.fetchPage (C:\Users\REAB\Documents\Projects\ReviewRise\REVIEW-MONO-REPO\REVIEW-RISE-MONO-REPO\packages\@platform\campaign-engine\src\engine\landing-page-scorer.ts:50:26)
          at LandingPageScorer.analyze (C:\Users\REAB\Documents\Projects\ReviewRise\REVIEW-MONO-REPO\REVIEW-RISE-MONO-REPO\packages\@platform\campaign-engine\src\engine\landing-page-scorer.ts:39:26)
          at BlueprintEngineV4.generateBlueprint (C:\Users\REAB\Documents\Projects\ReviewRise\REVIEW-MONO-REPO\REVIEW-RISE-MONO-REPO\packages\@platform\campaign-engine\src\engine\blueprint-engine-v4.ts:32:37)
          at generateBlueprintV4 (C:\Users\REAB\Documents\Projects\ReviewRise\REVIEW-MONO-REPO\REVIEW-RISE-MONO-REPO\packages\@platform\campaign-engine\src\index.ts:66:12)
          at Object.<anonymous> (C:\Users\REAB\Documents\Projects\ReviewRise\REVIEW-MONO-REPO\REVIEW-RISE-MONO-REPO\packages\@platform\campaign-engine\src\__tests__\blueprint-v4.test.ts:42:22) {
        [cause]: Error: read ECONNRESET
            at TLSWrap.onStreamRead (node:internal/stream_base_commons:216:20) {
          errno: -4077,
          code: 'ECONNRESET',
          syscall: 'read'
        }
      }

    [0m [90m 42 |[39m             [36mreturn[39m [36mthis[39m[33m.[39manalyzeRealPage($[33m,[39m input)[33m;[39m
     [90m 43 |[39m         } [36mcatch[39m (error) {
    [31m[1m>[22m[39m[90m 44 |[39m             console[33m.[39mwarn([32m'Failed to crawl website, using heuristic fallback:'[39m[33m,[39m error)[33m;[39m
     [90m    |[39m                     [31m[1m^[22m[39m
     [90m 45 |[39m             [36mreturn[39m [36mthis[39m[33m.[39manalyzeHeuristic(input)[33m;[39m
     [90m 46 |[39m         }
     [90m 47 |[39m     }[0m

      at LandingPageScorer.analyze (src/engine/landing-page-scorer.ts:44:21)
      at BlueprintEngineV4.generateBlueprint (src/engine/blueprint-engine-v4.ts:32:37)
      at generateBlueprintV4 (src/index.ts:66:12)
      at Object.<anonymous> (src/__tests__/blueprint-v4.test.ts:42:22)

    console.log
      [AdGroup] Plumbing - Service | Keywords: 17 | Stage: MOF | Avg Intent: 10.0

      at src/engine/ad-group-builder.ts:64:25
          at Array.forEach (<anonymous>)

    console.log
      [AdGroup] Water Heater Repair - Service | Keywords: 17 | Stage: MOF | Avg Intent: 10.0

      at src/engine/ad-group-builder.ts:64:25
          at Array.forEach (<anonymous>)

    console.log
      [AdGroup] Drain Cleaning - Service | Keywords: 17 | Stage: MOF | Avg Intent: 10.0

      at src/engine/ad-group-builder.ts:64:25
          at Array.forEach (<anonymous>)

    console.log
      [AdGroup] Austin Plumbing Pros - Brand | Keywords: 5 | Stage: BOF | Avg Intent: 10.0

      at src/engine/ad-group-builder.ts:64:25
          at Array.forEach (<anonymous>)

    console.log
      [AdGroup] Leaky Faucet - Problem | Keywords: 5 | Stage: TOF | Avg Intent: 3.0

      at src/engine/ad-group-builder.ts:64:25
          at Array.forEach (<anonymous>)

    console.log
      [AdGroup] Clogged Drain - Problem | Keywords: 5 | Stage: TOF | Avg Intent: 3.0

      at src/engine/ad-group-builder.ts:64:25
          at Array.forEach (<anonymous>)

    console.log
      [AdGroup] No Hot Water - Problem | Keywords: 5 | Stage: TOF | Avg Intent: 3.0

      at src/engine/ad-group-builder.ts:64:25
          at Array.forEach (<anonymous>)

    console.log
      [AdGroup] Plumbing - Emergency | Keywords: 5 | Stage: BOF | Avg Intent: 10.0

      at src/engine/ad-group-builder.ts:64:25
          at Array.forEach (<anonymous>)

    console.log
      [AdGroup] Water Heater Repair - Emergency | Keywords: 5 | Stage: BOF | Avg Intent: 10.0

      at src/engine/ad-group-builder.ts:64:25
          at Array.forEach (<anonymous>)

    console.log
      [AdGroup] Drain Cleaning - Emergency | Keywords: 5 | Stage: BOF | Avg Intent: 10.0

      at src/engine/ad-group-builder.ts:64:25
          at Array.forEach (<anonymous>)

    console.warn
      Failed to crawl website, using heuristic fallback: TypeError: fetch failed
          at node:internal/deps/undici/undici:13502:13
          at processTicksAndRejections (node:internal/process/task_queues:105:5)
          at LandingPageScorer.fetchPage (C:\Users\REAB\Documents\Projects\ReviewRise\REVIEW-MONO-REPO\REVIEW-RISE-MONO-REPO\packages\@platform\campaign-engine\src\engine\landing-page-scorer.ts:50:26)
          at LandingPageScorer.analyze (C:\Users\REAB\Documents\Projects\ReviewRise\REVIEW-MONO-REPO\REVIEW-RISE-MONO-REPO\packages\@platform\campaign-engine\src\engine\landing-page-scorer.ts:39:26)
          at BlueprintEngineV4.generateBlueprint (C:\Users\REAB\Documents\Projects\ReviewRise\REVIEW-MONO-REPO\REVIEW-RISE-MONO-REPO\packages\@platform\campaign-engine\src\engine\blueprint-engine-v4.ts:32:37)
          at generateBlueprintV4 (C:\Users\REAB\Documents\Projects\ReviewRise\REVIEW-MONO-REPO\REVIEW-RISE-MONO-REPO\packages\@platform\campaign-engine\src\index.ts:66:12)
          at Object.<anonymous> (C:\Users\REAB\Documents\Projects\ReviewRise\REVIEW-MONO-REPO\REVIEW-RISE-MONO-REPO\packages\@platform\campaign-engine\src\__tests__\blueprint-v4.test.ts:49:22) {
        [cause]: Error: getaddrinfo ENOTFOUND austinplumbingpros.com
            at GetAddrInfoReqWrap.onlookupall [as oncomplete] (node:dns:120:26) {
          errno: -3008,
          code: 'ENOTFOUND',
          syscall: 'getaddrinfo',
          hostname: 'austinplumbingpros.com'
        }
      }

    [0m [90m 42 |[39m             [36mreturn[39m [36mthis[39m[33m.[39manalyzeRealPage($[33m,[39m input)[33m;[39m
     [90m 43 |[39m         } [36mcatch[39m (error) {
    [31m[1m>[22m[39m[90m 44 |[39m             console[33m.[39mwarn([32m'Failed to crawl website, using heuristic fallback:'[39m[33m,[39m error)[33m;[39m
     [90m    |[39m                     [31m[1m^[22m[39m
     [90m 45 |[39m             [36mreturn[39m [36mthis[39m[33m.[39manalyzeHeuristic(input)[33m;[39m
     [90m 46 |[39m         }
     [90m 47 |[39m     }[0m

      at LandingPageScorer.analyze (src/engine/landing-page-scorer.ts:44:21)
      at BlueprintEngineV4.generateBlueprint (src/engine/blueprint-engine-v4.ts:32:37)
      at generateBlueprintV4 (src/index.ts:66:12)
      at Object.<anonymous> (src/__tests__/blueprint-v4.test.ts:49:22)

    console.log
      [AdGroup] Plumbing - Service | Keywords: 17 | Stage: MOF | Avg Intent: 10.0

      at src/engine/ad-group-builder.ts:64:25
          at Array.forEach (<anonymous>)

    console.log
      [AdGroup] Water Heater Repair - Service | Keywords: 17 | Stage: MOF | Avg Intent: 10.0

      at src/engine/ad-group-builder.ts:64:25
          at Array.forEach (<anonymous>)

    console.log
      [AdGroup] Drain Cleaning - Service | Keywords: 17 | Stage: MOF | Avg Intent: 10.0

      at src/engine/ad-group-builder.ts:64:25
          at Array.forEach (<anonymous>)

    console.log
      [AdGroup] Austin Plumbing Pros - Brand | Keywords: 5 | Stage: BOF | Avg Intent: 10.0

      at src/engine/ad-group-builder.ts:64:25
          at Array.forEach (<anonymous>)

    console.log
      [AdGroup] Leaky Faucet - Problem | Keywords: 5 | Stage: TOF | Avg Intent: 3.0

      at src/engine/ad-group-builder.ts:64:25
          at Array.forEach (<anonymous>)

    console.log
      [AdGroup] Clogged Drain - Problem | Keywords: 5 | Stage: TOF | Avg Intent: 3.0

      at src/engine/ad-group-builder.ts:64:25
          at Array.forEach (<anonymous>)

    console.log
      [AdGroup] No Hot Water - Problem | Keywords: 5 | Stage: TOF | Avg Intent: 3.0

      at src/engine/ad-group-builder.ts:64:25
          at Array.forEach (<anonymous>)

    console.log
      [AdGroup] Plumbing - Emergency | Keywords: 5 | Stage: BOF | Avg Intent: 10.0

      at src/engine/ad-group-builder.ts:64:25
          at Array.forEach (<anonymous>)

    console.log
      [AdGroup] Water Heater Repair - Emergency | Keywords: 5 | Stage: BOF | Avg Intent: 10.0

      at src/engine/ad-group-builder.ts:64:25
          at Array.forEach (<anonymous>)

    console.log
      [AdGroup] Drain Cleaning - Emergency | Keywords: 5 | Stage: BOF | Avg Intent: 10.0

      at src/engine/ad-group-builder.ts:64:25
          at Array.forEach (<anonymous>)

    console.warn
      Failed to crawl website, using heuristic fallback: TypeError: fetch failed
          at node:internal/deps/undici/undici:13502:13
          at processTicksAndRejections (node:internal/process/task_queues:105:5)
          at LandingPageScorer.fetchPage (C:\Users\REAB\Documents\Projects\ReviewRise\REVIEW-MONO-REPO\REVIEW-RISE-MONO-REPO\packages\@platform\campaign-engine\src\engine\landing-page-scorer.ts:50:26)
          at LandingPageScorer.analyze (C:\Users\REAB\Documents\Projects\ReviewRise\REVIEW-MONO-REPO\REVIEW-RISE-MONO-REPO\packages\@platform\campaign-engine\src\engine\landing-page-scorer.ts:39:26)
          at BlueprintEngineV4.generateBlueprint (C:\Users\REAB\Documents\Projects\ReviewRise\REVIEW-MONO-REPO\REVIEW-RISE-MONO-REPO\packages\@platform\campaign-engine\src\engine\blueprint-engine-v4.ts:32:37)
          at generateBlueprintV4 (C:\Users\REAB\Documents\Projects\ReviewRise\REVIEW-MONO-REPO\REVIEW-RISE-MONO-REPO\packages\@platform\campaign-engine\src\index.ts:66:12)
          at Object.<anonymous> (C:\Users\REAB\Documents\Projects\ReviewRise\REVIEW-MONO-REPO\REVIEW-RISE-MONO-REPO\packages\@platform\campaign-engine\src\__tests__\blueprint-v4.test.ts:60:22) {
        [cause]: Error: getaddrinfo ENOTFOUND austinplumbingpros.com
            at GetAddrInfoReqWrap.onlookupall [as oncomplete] (node:dns:120:26) {
          errno: -3008,
          code: 'ENOTFOUND',
          syscall: 'getaddrinfo',
          hostname: 'austinplumbingpros.com'
        }
      }

    [0m [90m 42 |[39m             [36mreturn[39m [36mthis[39m[33m.[39manalyzeRealPage($[33m,[39m input)[33m;[39m
     [90m 43 |[39m         } [36mcatch[39m (error) {
    [31m[1m>[22m[39m[90m 44 |[39m             console[33m.[39mwarn([32m'Failed to crawl website, using heuristic fallback:'[39m[33m,[39m error)[33m;[39m
     [90m    |[39m                     [31m[1m^[22m[39m
     [90m 45 |[39m             [36mreturn[39m [36mthis[39m[33m.[39manalyzeHeuristic(input)[33m;[39m
     [90m 46 |[39m         }
     [90m 47 |[39m     }[0m

      at LandingPageScorer.analyze (src/engine/landing-page-scorer.ts:44:21)
      at BlueprintEngineV4.generateBlueprint (src/engine/blueprint-engine-v4.ts:32:37)
      at generateBlueprintV4 (src/index.ts:66:12)
      at Object.<anonymous> (src/__tests__/blueprint-v4.test.ts:60:22)

    console.log
      [AdGroup] Plumbing - Service | Keywords: 17 | Stage: MOF | Avg Intent: 10.0

      at src/engine/ad-group-builder.ts:64:25
          at Array.forEach (<anonymous>)

    console.log
      [AdGroup] Water Heater Repair - Service | Keywords: 17 | Stage: MOF | Avg Intent: 10.0

      at src/engine/ad-group-builder.ts:64:25
          at Array.forEach (<anonymous>)

    console.log
      [AdGroup] Drain Cleaning - Service | Keywords: 17 | Stage: MOF | Avg Intent: 10.0

      at src/engine/ad-group-builder.ts:64:25
          at Array.forEach (<anonymous>)

    console.log
      [AdGroup] Austin Plumbing Pros - Brand | Keywords: 5 | Stage: BOF | Avg Intent: 10.0

      at src/engine/ad-group-builder.ts:64:25
          at Array.forEach (<anonymous>)

    console.log
      [AdGroup] Leaky Faucet - Problem | Keywords: 5 | Stage: TOF | Avg Intent: 3.0

      at src/engine/ad-group-builder.ts:64:25
          at Array.forEach (<anonymous>)

    console.log
      [AdGroup] Clogged Drain - Problem | Keywords: 5 | Stage: TOF | Avg Intent: 3.0

      at src/engine/ad-group-builder.ts:64:25
          at Array.forEach (<anonymous>)

    console.log
      [AdGroup] No Hot Water - Problem | Keywords: 5 | Stage: TOF | Avg Intent: 3.0

      at src/engine/ad-group-builder.ts:64:25
          at Array.forEach (<anonymous>)

    console.log
      [AdGroup] Plumbing - Emergency | Keywords: 5 | Stage: BOF | Avg Intent: 10.0

      at src/engine/ad-group-builder.ts:64:25
          at Array.forEach (<anonymous>)

    console.log
      [AdGroup] Water Heater Repair - Emergency | Keywords: 5 | Stage: BOF | Avg Intent: 10.0

      at src/engine/ad-group-builder.ts:64:25
          at Array.forEach (<anonymous>)

    console.log
      [AdGroup] Drain Cleaning - Emergency | Keywords: 5 | Stage: BOF | Avg Intent: 10.0

      at src/engine/ad-group-builder.ts:64:25
          at Array.forEach (<anonymous>)

    console.warn
      Failed to crawl website, using heuristic fallback: TypeError: fetch failed
          at node:internal/deps/undici/undici:13502:13
          at processTicksAndRejections (node:internal/process/task_queues:105:5)
          at LandingPageScorer.fetchPage (C:\Users\REAB\Documents\Projects\ReviewRise\REVIEW-MONO-REPO\REVIEW-RISE-MONO-REPO\packages\@platform\campaign-engine\src\engine\landing-page-scorer.ts:50:26)
          at LandingPageScorer.analyze (C:\Users\REAB\Documents\Projects\ReviewRise\REVIEW-MONO-REPO\REVIEW-RISE-MONO-REPO\packages\@platform\campaign-engine\src\engine\landing-page-scorer.ts:39:26)
          at BlueprintEngineV4.generateBlueprint (C:\Users\REAB\Documents\Projects\ReviewRise\REVIEW-MONO-REPO\REVIEW-RISE-MONO-REPO\packages\@platform\campaign-engine\src\engine\blueprint-engine-v4.ts:32:37)
          at generateBlueprintV4 (C:\Users\REAB\Documents\Projects\ReviewRise\REVIEW-MONO-REPO\REVIEW-RISE-MONO-REPO\packages\@platform\campaign-engine\src\index.ts:66:12)
          at Object.<anonymous> (C:\Users\REAB\Documents\Projects\ReviewRise\REVIEW-MONO-REPO\REVIEW-RISE-MONO-REPO\packages\@platform\campaign-engine\src\__tests__\blueprint-v4.test.ts:67:22) {
        [cause]: Error: getaddrinfo ENOTFOUND austinplumbingpros.com
            at GetAddrInfoReqWrap.onlookupall [as oncomplete] (node:dns:120:26) {
          errno: -3008,
          code: 'ENOTFOUND',
          syscall: 'getaddrinfo',
          hostname: 'austinplumbingpros.com'
        }
      }

    [0m [90m 42 |[39m             [36mreturn[39m [36mthis[39m[33m.[39manalyzeRealPage($[33m,[39m input)[33m;[39m
     [90m 43 |[39m         } [36mcatch[39m (error) {
    [31m[1m>[22m[39m[90m 44 |[39m             console[33m.[39mwarn([32m'Failed to crawl website, using heuristic fallback:'[39m[33m,[39m error)[33m;[39m
     [90m    |[39m                     [31m[1m^[22m[39m
     [90m 45 |[39m             [36mreturn[39m [36mthis[39m[33m.[39manalyzeHeuristic(input)[33m;[39m
     [90m 46 |[39m         }
     [90m 47 |[39m     }[0m

      at LandingPageScorer.analyze (src/engine/landing-page-scorer.ts:44:21)
      at BlueprintEngineV4.generateBlueprint (src/engine/blueprint-engine-v4.ts:32:37)
      at generateBlueprintV4 (src/index.ts:66:12)
      at Object.<anonymous> (src/__tests__/blueprint-v4.test.ts:67:22)

  ● Blueprint Engine V4 Integration › should generate keyword clusters

    expect(received).toContain(expected) // indexOf

    Expected value: "Plumbing"
    Received array: ["plumbing", "plumbing service", "plumbing company", "best plumbing", "plumbing cost", "plumbing price", "plumbing quote", "plumbing pricing", "plumbing affordable", "plumbing licensed", …]

    [0m [90m 35 |[39m         [36mconst[39m serviceCluster [33m=[39m plan[33m.[39mkeywordClusters[33m?[39m[33m.[39mfind(c [33m=>[39m c[33m.[39mintentType [33m===[39m [32m'Service'[39m)[33m;[39m
     [90m 36 |[39m         expect(serviceCluster)[33m.[39mtoBeDefined()[33m;[39m
    [31m[1m>[22m[39m[90m 37 |[39m         expect(serviceCluster[33m?[39m[33m.[39mkeywords)[33m.[39mtoContain([32m'plumbing'[39m)[33m;[39m
     [90m    |[39m                                          [31m[1m^[22m[39m
     [90m 38 |[39m         expect(serviceCluster[33m?[39m[33m.[39mkeywords[33m.[39msome(k [33m=>[39m k[33m.[39mincludes([32m'austin'[39m)))[33m.[39mtoBe([36mtrue[39m)[33m;[39m
     [90m 39 |[39m     })[33m;[39m
     [90m 40 |[39m[0m

      at Object.<anonymous> (src/__tests__/blueprint-v4.test.ts:37:42)

PASS src/__tests__/blueprint-v4.test.ts (6.702 s)
  ● Console

    console.log
      [AdGroup] Plumbing - Service | Keywords: 17 | Stage: MOF | Avg Intent: 10.0

      at src/engine/ad-group-builder.ts:64:25
          at Array.forEach (<anonymous>)

    console.log
      [AdGroup] Water Heater Repair - Service | Keywords: 17 | Stage: MOF | Avg Intent: 10.0

      at src/engine/ad-group-builder.ts:64:25
          at Array.forEach (<anonymous>)

    console.log
      [AdGroup] Drain Cleaning - Service | Keywords: 17 | Stage: MOF | Avg Intent: 10.0

      at src/engine/ad-group-builder.ts:64:25
          at Array.forEach (<anonymous>)

    console.log
      [AdGroup] Austin Plumbing Pros - Brand | Keywords: 5 | Stage: BOF | Avg Intent: 10.0

      at src/engine/ad-group-builder.ts:64:25
          at Array.forEach (<anonymous>)

    console.log
      [AdGroup] Leaky Faucet - Problem | Keywords: 5 | Stage: TOF | Avg Intent: 3.0

      at src/engine/ad-group-builder.ts:64:25
          at Array.forEach (<anonymous>)

    console.log
      [AdGroup] Clogged Drain - Problem | Keywords: 5 | Stage: TOF | Avg Intent: 3.0

      at src/engine/ad-group-builder.ts:64:25
          at Array.forEach (<anonymous>)

    console.log
      [AdGroup] No Hot Water - Problem | Keywords: 5 | Stage: TOF | Avg Intent: 3.0

      at src/engine/ad-group-builder.ts:64:25
          at Array.forEach (<anonymous>)

    console.log
      [AdGroup] Plumbing - Emergency | Keywords: 5 | Stage: BOF | Avg Intent: 10.0

      at src/engine/ad-group-builder.ts:64:25
          at Array.forEach (<anonymous>)

    console.log
      [AdGroup] Water Heater Repair - Emergency | Keywords: 5 | Stage: BOF | Avg Intent: 10.0

      at src/engine/ad-group-builder.ts:64:25
          at Array.forEach (<anonymous>)

    console.log
      [AdGroup] Drain Cleaning - Emergency | Keywords: 5 | Stage: BOF | Avg Intent: 10.0

      at src/engine/ad-group-builder.ts:64:25
          at Array.forEach (<anonymous>)

    console.warn
      Failed to crawl website, using heuristic fallback: TypeError: fetch failed
          at node:internal/deps/undici/undici:13502:13
          at LandingPageScorer.fetchPage (C:\Users\REAB\Documents\Projects\ReviewRise\REVIEW-MONO-REPO\REVIEW-RISE-MONO-REPO\packages\@platform\campaign-engine\src\engine\landing-page-scorer.ts:50:26)
          at LandingPageScorer.analyze (C:\Users\REAB\Documents\Projects\ReviewRise\REVIEW-MONO-REPO\REVIEW-RISE-MONO-REPO\packages\@platform\campaign-engine\src\engine\landing-page-scorer.ts:39:26)
          at BlueprintEngineV4.generateBlueprint (C:\Users\REAB\Documents\Projects\ReviewRise\REVIEW-MONO-REPO\REVIEW-RISE-MONO-REPO\packages\@platform\campaign-engine\src\engine\blueprint-engine-v4.ts:32:37)
          at generateBlueprintV4 (C:\Users\REAB\Documents\Projects\ReviewRise\REVIEW-MONO-REPO\REVIEW-RISE-MONO-REPO\packages\@platform\campaign-engine\src\index.ts:66:12)
          at Object.<anonymous> (C:\Users\REAB\Documents\Projects\ReviewRise\REVIEW-MONO-REPO\REVIEW-RISE-MONO-REPO\packages\@platform\campaign-engine\src\__tests__\blueprint-v4.test.ts:21:22) {
        [cause]: Error: read ECONNRESET
            at TLSWrap.onStreamRead (node:internal/stream_base_commons:216:20) {
          errno: -4077,
          code: 'ECONNRESET',
          syscall: 'read'
        }
      }

    [0m [90m 42 |[39m             [36mreturn[39m [36mthis[39m[33m.[39manalyzeRealPage($[33m,[39m input)[33m;[39m
     [90m 43 |[39m         } [36mcatch[39m (error) {
    [31m[1m>[22m[39m[90m 44 |[39m             console[33m.[39mwarn([32m'Failed to crawl website, using heuristic fallback:'[39m[33m,[39m error)[33m;[39m
     [90m    |[39m                     [31m[1m^[22m[39m
     [90m 45 |[39m             [36mreturn[39m [36mthis[39m[33m.[39manalyzeHeuristic(input)[33m;[39m
     [90m 46 |[39m         }
     [90m 47 |[39m     }[0m

      at LandingPageScorer.analyze (src/engine/landing-page-scorer.ts:44:21)
      at BlueprintEngineV4.generateBlueprint (src/engine/blueprint-engine-v4.ts:32:37)
      at generateBlueprintV4 (src/index.ts:66:12)
      at Object.<anonymous> (src/__tests__/blueprint-v4.test.ts:21:22)

    console.log
      [AdGroup] Plumbing - Service | Keywords: 17 | Stage: MOF | Avg Intent: 10.0

      at src/engine/ad-group-builder.ts:64:25
          at Array.forEach (<anonymous>)

    console.log
      [AdGroup] Water Heater Repair - Service | Keywords: 17 | Stage: MOF | Avg Intent: 10.0

      at src/engine/ad-group-builder.ts:64:25
          at Array.forEach (<anonymous>)

    console.log
      [AdGroup] Drain Cleaning - Service | Keywords: 17 | Stage: MOF | Avg Intent: 10.0

      at src/engine/ad-group-builder.ts:64:25
          at Array.forEach (<anonymous>)

    console.log
      [AdGroup] Austin Plumbing Pros - Brand | Keywords: 5 | Stage: BOF | Avg Intent: 10.0

      at src/engine/ad-group-builder.ts:64:25
          at Array.forEach (<anonymous>)

    console.log
      [AdGroup] Leaky Faucet - Problem | Keywords: 5 | Stage: TOF | Avg Intent: 3.0

      at src/engine/ad-group-builder.ts:64:25
          at Array.forEach (<anonymous>)

    console.log
      [AdGroup] Clogged Drain - Problem | Keywords: 5 | Stage: TOF | Avg Intent: 3.0

      at src/engine/ad-group-builder.ts:64:25
          at Array.forEach (<anonymous>)

    console.log
      [AdGroup] No Hot Water - Problem | Keywords: 5 | Stage: TOF | Avg Intent: 3.0

      at src/engine/ad-group-builder.ts:64:25
          at Array.forEach (<anonymous>)

    console.log
      [AdGroup] Plumbing - Emergency | Keywords: 5 | Stage: BOF | Avg Intent: 10.0

      at src/engine/ad-group-builder.ts:64:25
          at Array.forEach (<anonymous>)

    console.log
      [AdGroup] Water Heater Repair - Emergency | Keywords: 5 | Stage: BOF | Avg Intent: 10.0

      at src/engine/ad-group-builder.ts:64:25
          at Array.forEach (<anonymous>)

    console.log
      [AdGroup] Drain Cleaning - Emergency | Keywords: 5 | Stage: BOF | Avg Intent: 10.0

      at src/engine/ad-group-builder.ts:64:25
          at Array.forEach (<anonymous>)

    console.warn
      Failed to crawl website, using heuristic fallback: TypeError: fetch failed
          at node:internal/deps/undici/undici:13502:13
          at processTicksAndRejections (node:internal/process/task_queues:105:5)
          at LandingPageScorer.fetchPage (C:\Users\REAB\Documents\Projects\ReviewRise\REVIEW-MONO-REPO\REVIEW-RISE-MONO-REPO\packages\@platform\campaign-engine\src\engine\landing-page-scorer.ts:50:26)
          at LandingPageScorer.analyze (C:\Users\REAB\Documents\Projects\ReviewRise\REVIEW-MONO-REPO\REVIEW-RISE-MONO-REPO\packages\@platform\campaign-engine\src\engine\landing-page-scorer.ts:39:26)
          at BlueprintEngineV4.generateBlueprint (C:\Users\REAB\Documents\Projects\ReviewRise\REVIEW-MONO-REPO\REVIEW-RISE-MONO-REPO\packages\@platform\campaign-engine\src\engine\blueprint-engine-v4.ts:32:37)
          at generateBlueprintV4 (C:\Users\REAB\Documents\Projects\ReviewRise\REVIEW-MONO-REPO\REVIEW-RISE-MONO-REPO\packages\@platform\campaign-engine\src\index.ts:66:12)
          at Object.<anonymous> (C:\Users\REAB\Documents\Projects\ReviewRise\REVIEW-MONO-REPO\REVIEW-RISE-MONO-REPO\packages\@platform\campaign-engine\src\__tests__\blueprint-v4.test.ts:30:22) {
        [cause]: Error: getaddrinfo ENOTFOUND austinplumbingpros.com
            at GetAddrInfoReqWrap.onlookupall [as oncomplete] (node:dns:120:26) {
          errno: -3008,
          code: 'ENOTFOUND',
          syscall: 'getaddrinfo',
          hostname: 'austinplumbingpros.com'
        }
      }

    [0m [90m 42 |[39m             [36mreturn[39m [36mthis[39m[33m.[39manalyzeRealPage($[33m,[39m input)[33m;[39m
     [90m 43 |[39m         } [36mcatch[39m (error) {
    [31m[1m>[22m[39m[90m 44 |[39m             console[33m.[39mwarn([32m'Failed to crawl website, using heuristic fallback:'[39m[33m,[39m error)[33m;[39m
     [90m    |[39m                     [31m[1m^[22m[39m
     [90m 45 |[39m             [36mreturn[39m [36mthis[39m[33m.[39manalyzeHeuristic(input)[33m;[39m
     [90m 46 |[39m         }
     [90m 47 |[39m     }[0m

      at LandingPageScorer.analyze (src/engine/landing-page-scorer.ts:44:21)
      at BlueprintEngineV4.generateBlueprint (src/engine/blueprint-engine-v4.ts:32:37)
      at generateBlueprintV4 (src/index.ts:66:12)
      at Object.<anonymous> (src/__tests__/blueprint-v4.test.ts:30:22)

    console.log
      [AdGroup] Plumbing - Service | Keywords: 17 | Stage: MOF | Avg Intent: 10.0

      at src/engine/ad-group-builder.ts:64:25
          at Array.forEach (<anonymous>)

    console.log
      [AdGroup] Water Heater Repair - Service | Keywords: 17 | Stage: MOF | Avg Intent: 10.0

      at src/engine/ad-group-builder.ts:64:25
          at Array.forEach (<anonymous>)

    console.log
      [AdGroup] Drain Cleaning - Service | Keywords: 17 | Stage: MOF | Avg Intent: 10.0

      at src/engine/ad-group-builder.ts:64:25
          at Array.forEach (<anonymous>)

    console.log
      [AdGroup] Austin Plumbing Pros - Brand | Keywords: 5 | Stage: BOF | Avg Intent: 10.0

      at src/engine/ad-group-builder.ts:64:25
          at Array.forEach (<anonymous>)

    console.log
      [AdGroup] Leaky Faucet - Problem | Keywords: 5 | Stage: TOF | Avg Intent: 3.0

      at src/engine/ad-group-builder.ts:64:25
          at Array.forEach (<anonymous>)

    console.log
      [AdGroup] Clogged Drain - Problem | Keywords: 5 | Stage: TOF | Avg Intent: 3.0

      at src/engine/ad-group-builder.ts:64:25
          at Array.forEach (<anonymous>)

    console.log
      [AdGroup] No Hot Water - Problem | Keywords: 5 | Stage: TOF | Avg Intent: 3.0

      at src/engine/ad-group-builder.ts:64:25
          at Array.forEach (<anonymous>)

    console.log
      [AdGroup] Plumbing - Emergency | Keywords: 5 | Stage: BOF | Avg Intent: 10.0

      at src/engine/ad-group-builder.ts:64:25
          at Array.forEach (<anonymous>)

    console.log
      [AdGroup] Water Heater Repair - Emergency | Keywords: 5 | Stage: BOF | Avg Intent: 10.0

      at src/engine/ad-group-builder.ts:64:25
          at Array.forEach (<anonymous>)

    console.log
      [AdGroup] Drain Cleaning - Emergency | Keywords: 5 | Stage: BOF | Avg Intent: 10.0

      at src/engine/ad-group-builder.ts:64:25
          at Array.forEach (<anonymous>)

    console.warn
      Failed to crawl website, using heuristic fallback: TypeError: fetch failed
          at node:internal/deps/undici/undici:13502:13
          at processTicksAndRejections (node:internal/process/task_queues:105:5)
          at LandingPageScorer.fetchPage (C:\Users\REAB\Documents\Projects\ReviewRise\REVIEW-MONO-REPO\REVIEW-RISE-MONO-REPO\packages\@platform\campaign-engine\src\engine\landing-page-scorer.ts:50:26)
          at LandingPageScorer.analyze (C:\Users\REAB\Documents\Projects\ReviewRise\REVIEW-MONO-REPO\REVIEW-RISE-MONO-REPO\packages\@platform\campaign-engine\src\engine\landing-page-scorer.ts:39:26)
          at BlueprintEngineV4.generateBlueprint (C:\Users\REAB\Documents\Projects\ReviewRise\REVIEW-MONO-REPO\REVIEW-RISE-MONO-REPO\packages\@platform\campaign-engine\src\engine\blueprint-engine-v4.ts:32:37)
          at generateBlueprintV4 (C:\Users\REAB\Documents\Projects\ReviewRise\REVIEW-MONO-REPO\REVIEW-RISE-MONO-REPO\packages\@platform\campaign-engine\src\index.ts:66:12)
          at Object.<anonymous> (C:\Users\REAB\Documents\Projects\ReviewRise\REVIEW-MONO-REPO\REVIEW-RISE-MONO-REPO\packages\@platform\campaign-engine\src\__tests__\blueprint-v4.test.ts:42:22) {
        [cause]: Error: getaddrinfo ENOTFOUND austinplumbingpros.com
            at GetAddrInfoReqWrap.onlookupall [as oncomplete] (node:dns:120:26) {
          errno: -3008,
          code: 'ENOTFOUND',
          syscall: 'getaddrinfo',
          hostname: 'austinplumbingpros.com'
        }
      }

    [0m [90m 42 |[39m             [36mreturn[39m [36mthis[39m[33m.[39manalyzeRealPage($[33m,[39m input)[33m;[39m
     [90m 43 |[39m         } [36mcatch[39m (error) {
    [31m[1m>[22m[39m[90m 44 |[39m             console[33m.[39mwarn([32m'Failed to crawl website, using heuristic fallback:'[39m[33m,[39m error)[33m;[39m
     [90m    |[39m                     [31m[1m^[22m[39m
     [90m 45 |[39m             [36mreturn[39m [36mthis[39m[33m.[39manalyzeHeuristic(input)[33m;[39m
     [90m 46 |[39m         }
     [90m 47 |[39m     }[0m

      at LandingPageScorer.analyze (src/engine/landing-page-scorer.ts:44:21)
      at BlueprintEngineV4.generateBlueprint (src/engine/blueprint-engine-v4.ts:32:37)
      at generateBlueprintV4 (src/index.ts:66:12)
      at Object.<anonymous> (src/__tests__/blueprint-v4.test.ts:42:22)

    console.log
      [AdGroup] Plumbing - Service | Keywords: 17 | Stage: MOF | Avg Intent: 10.0

      at src/engine/ad-group-builder.ts:64:25
          at Array.forEach (<anonymous>)

    console.log
      [AdGroup] Water Heater Repair - Service | Keywords: 17 | Stage: MOF | Avg Intent: 10.0

      at src/engine/ad-group-builder.ts:64:25
          at Array.forEach (<anonymous>)

    console.log
      [AdGroup] Drain Cleaning - Service | Keywords: 17 | Stage: MOF | Avg Intent: 10.0

      at src/engine/ad-group-builder.ts:64:25
          at Array.forEach (<anonymous>)

    console.log
      [AdGroup] Austin Plumbing Pros - Brand | Keywords: 5 | Stage: BOF | Avg Intent: 10.0

      at src/engine/ad-group-builder.ts:64:25
          at Array.forEach (<anonymous>)

    console.log
      [AdGroup] Leaky Faucet - Problem | Keywords: 5 | Stage: TOF | Avg Intent: 3.0

      at src/engine/ad-group-builder.ts:64:25
          at Array.forEach (<anonymous>)

    console.log
      [AdGroup] Clogged Drain - Problem | Keywords: 5 | Stage: TOF | Avg Intent: 3.0

      at src/engine/ad-group-builder.ts:64:25
          at Array.forEach (<anonymous>)

    console.log
      [AdGroup] No Hot Water - Problem | Keywords: 5 | Stage: TOF | Avg Intent: 3.0

      at src/engine/ad-group-builder.ts:64:25
          at Array.forEach (<anonymous>)

    console.log
      [AdGroup] Plumbing - Emergency | Keywords: 5 | Stage: BOF | Avg Intent: 10.0

      at src/engine/ad-group-builder.ts:64:25
          at Array.forEach (<anonymous>)

    console.log
      [AdGroup] Water Heater Repair - Emergency | Keywords: 5 | Stage: BOF | Avg Intent: 10.0

      at src/engine/ad-group-builder.ts:64:25
          at Array.forEach (<anonymous>)

    console.log
      [AdGroup] Drain Cleaning - Emergency | Keywords: 5 | Stage: BOF | Avg Intent: 10.0

      at src/engine/ad-group-builder.ts:64:25
          at Array.forEach (<anonymous>)

    console.warn
      Failed to crawl website, using heuristic fallback: TypeError: fetch failed
          at node:internal/deps/undici/undici:13502:13
          at processTicksAndRejections (node:internal/process/task_queues:105:5)
          at LandingPageScorer.fetchPage (C:\Users\REAB\Documents\Projects\ReviewRise\REVIEW-MONO-REPO\REVIEW-RISE-MONO-REPO\packages\@platform\campaign-engine\src\engine\landing-page-scorer.ts:50:26)
          at LandingPageScorer.analyze (C:\Users\REAB\Documents\Projects\ReviewRise\REVIEW-MONO-REPO\REVIEW-RISE-MONO-REPO\packages\@platform\campaign-engine\src\engine\landing-page-scorer.ts:39:26)
          at BlueprintEngineV4.generateBlueprint (C:\Users\REAB\Documents\Projects\ReviewRise\REVIEW-MONO-REPO\REVIEW-RISE-MONO-REPO\packages\@platform\campaign-engine\src\engine\blueprint-engine-v4.ts:32:37)
          at generateBlueprintV4 (C:\Users\REAB\Documents\Projects\ReviewRise\REVIEW-MONO-REPO\REVIEW-RISE-MONO-REPO\packages\@platform\campaign-engine\src\index.ts:66:12)
          at Object.<anonymous> (C:\Users\REAB\Documents\Projects\ReviewRise\REVIEW-MONO-REPO\REVIEW-RISE-MONO-REPO\packages\@platform\campaign-engine\src\__tests__\blueprint-v4.test.ts:49:22) {
        [cause]: Error: getaddrinfo ENOTFOUND austinplumbingpros.com
            at GetAddrInfoReqWrap.onlookupall [as oncomplete] (node:dns:120:26) {
          errno: -3008,
          code: 'ENOTFOUND',
          syscall: 'getaddrinfo',
          hostname: 'austinplumbingpros.com'
        }
      }

    [0m [90m 42 |[39m             [36mreturn[39m [36mthis[39m[33m.[39manalyzeRealPage($[33m,[39m input)[33m;[39m
     [90m 43 |[39m         } [36mcatch[39m (error) {
    [31m[1m>[22m[39m[90m 44 |[39m             console[33m.[39mwarn([32m'Failed to crawl website, using heuristic fallback:'[39m[33m,[39m error)[33m;[39m
     [90m    |[39m                     [31m[1m^[22m[39m
     [90m 45 |[39m             [36mreturn[39m [36mthis[39m[33m.[39manalyzeHeuristic(input)[33m;[39m
     [90m 46 |[39m         }
     [90m 47 |[39m     }[0m

      at LandingPageScorer.analyze (src/engine/landing-page-scorer.ts:44:21)
      at BlueprintEngineV4.generateBlueprint (src/engine/blueprint-engine-v4.ts:32:37)
      at generateBlueprintV4 (src/index.ts:66:12)
      at Object.<anonymous> (src/__tests__/blueprint-v4.test.ts:49:22)

    console.log
      [AdGroup] Plumbing - Service | Keywords: 17 | Stage: MOF | Avg Intent: 10.0

      at src/engine/ad-group-builder.ts:64:25
          at Array.forEach (<anonymous>)

    console.log
      [AdGroup] Water Heater Repair - Service | Keywords: 17 | Stage: MOF | Avg Intent: 10.0

      at src/engine/ad-group-builder.ts:64:25
          at Array.forEach (<anonymous>)

    console.log
      [AdGroup] Drain Cleaning - Service | Keywords: 17 | Stage: MOF | Avg Intent: 10.0

      at src/engine/ad-group-builder.ts:64:25
          at Array.forEach (<anonymous>)

    console.log
      [AdGroup] Austin Plumbing Pros - Brand | Keywords: 5 | Stage: BOF | Avg Intent: 10.0

      at src/engine/ad-group-builder.ts:64:25
          at Array.forEach (<anonymous>)

    console.log
      [AdGroup] Leaky Faucet - Problem | Keywords: 5 | Stage: TOF | Avg Intent: 3.0

      at src/engine/ad-group-builder.ts:64:25
          at Array.forEach (<anonymous>)

    console.log
      [AdGroup] Clogged Drain - Problem | Keywords: 5 | Stage: TOF | Avg Intent: 3.0

      at src/engine/ad-group-builder.ts:64:25
          at Array.forEach (<anonymous>)

    console.log
      [AdGroup] No Hot Water - Problem | Keywords: 5 | Stage: TOF | Avg Intent: 3.0

      at src/engine/ad-group-builder.ts:64:25
          at Array.forEach (<anonymous>)

    console.log
      [AdGroup] Plumbing - Emergency | Keywords: 5 | Stage: BOF | Avg Intent: 10.0

      at src/engine/ad-group-builder.ts:64:25
          at Array.forEach (<anonymous>)

    console.log
      [AdGroup] Water Heater Repair - Emergency | Keywords: 5 | Stage: BOF | Avg Intent: 10.0

      at src/engine/ad-group-builder.ts:64:25
          at Array.forEach (<anonymous>)

    console.log
      [AdGroup] Drain Cleaning - Emergency | Keywords: 5 | Stage: BOF | Avg Intent: 10.0

      at src/engine/ad-group-builder.ts:64:25
          at Array.forEach (<anonymous>)

    console.warn
      Failed to crawl website, using heuristic fallback: TypeError: fetch failed
          at node:internal/deps/undici/undici:13502:13
          at processTicksAndRejections (node:internal/process/task_queues:105:5)
          at LandingPageScorer.fetchPage (C:\Users\REAB\Documents\Projects\ReviewRise\REVIEW-MONO-REPO\REVIEW-RISE-MONO-REPO\packages\@platform\campaign-engine\src\engine\landing-page-scorer.ts:50:26)
          at LandingPageScorer.analyze (C:\Users\REAB\Documents\Projects\ReviewRise\REVIEW-MONO-REPO\REVIEW-RISE-MONO-REPO\packages\@platform\campaign-engine\src\engine\landing-page-scorer.ts:39:26)
          at BlueprintEngineV4.generateBlueprint (C:\Users\REAB\Documents\Projects\ReviewRise\REVIEW-MONO-REPO\REVIEW-RISE-MONO-REPO\packages\@platform\campaign-engine\src\engine\blueprint-engine-v4.ts:32:37)
          at generateBlueprintV4 (C:\Users\REAB\Documents\Projects\ReviewRise\REVIEW-MONO-REPO\REVIEW-RISE-MONO-REPO\packages\@platform\campaign-engine\src\index.ts:66:12)
          at Object.<anonymous> (C:\Users\REAB\Documents\Projects\ReviewRise\REVIEW-MONO-REPO\REVIEW-RISE-MONO-REPO\packages\@platform\campaign-engine\src\__tests__\blueprint-v4.test.ts:60:22) {
        [cause]: Error: getaddrinfo ENOTFOUND austinplumbingpros.com
            at GetAddrInfoReqWrap.onlookupall [as oncomplete] (node:dns:120:26) {
          errno: -3008,
          code: 'ENOTFOUND',
          syscall: 'getaddrinfo',
          hostname: 'austinplumbingpros.com'
        }
      }

    [0m [90m 42 |[39m             [36mreturn[39m [36mthis[39m[33m.[39manalyzeRealPage($[33m,[39m input)[33m;[39m
     [90m 43 |[39m         } [36mcatch[39m (error) {
    [31m[1m>[22m[39m[90m 44 |[39m             console[33m.[39mwarn([32m'Failed to crawl website, using heuristic fallback:'[39m[33m,[39m error)[33m;[39m
     [90m    |[39m                     [31m[1m^[22m[39m
     [90m 45 |[39m             [36mreturn[39m [36mthis[39m[33m.[39manalyzeHeuristic(input)[33m;[39m
     [90m 46 |[39m         }
     [90m 47 |[39m     }[0m

      at LandingPageScorer.analyze (src/engine/landing-page-scorer.ts:44:21)
      at BlueprintEngineV4.generateBlueprint (src/engine/blueprint-engine-v4.ts:32:37)
      at generateBlueprintV4 (src/index.ts:66:12)
      at Object.<anonymous> (src/__tests__/blueprint-v4.test.ts:60:22)

    console.log
      [AdGroup] Plumbing - Service | Keywords: 17 | Stage: MOF | Avg Intent: 10.0

      at src/engine/ad-group-builder.ts:64:25
          at Array.forEach (<anonymous>)

    console.log
      [AdGroup] Water Heater Repair - Service | Keywords: 17 | Stage: MOF | Avg Intent: 10.0

      at src/engine/ad-group-builder.ts:64:25
          at Array.forEach (<anonymous>)

    console.log
      [AdGroup] Drain Cleaning - Service | Keywords: 17 | Stage: MOF | Avg Intent: 10.0

      at src/engine/ad-group-builder.ts:64:25
          at Array.forEach (<anonymous>)

    console.log
      [AdGroup] Austin Plumbing Pros - Brand | Keywords: 5 | Stage: BOF | Avg Intent: 10.0

      at src/engine/ad-group-builder.ts:64:25
          at Array.forEach (<anonymous>)

    console.log
      [AdGroup] Leaky Faucet - Problem | Keywords: 5 | Stage: TOF | Avg Intent: 3.0

      at src/engine/ad-group-builder.ts:64:25
          at Array.forEach (<anonymous>)

    console.log
      [AdGroup] Clogged Drain - Problem | Keywords: 5 | Stage: TOF | Avg Intent: 3.0

      at src/engine/ad-group-builder.ts:64:25
          at Array.forEach (<anonymous>)

    console.log
      [AdGroup] No Hot Water - Problem | Keywords: 5 | Stage: TOF | Avg Intent: 3.0

      at src/engine/ad-group-builder.ts:64:25
          at Array.forEach (<anonymous>)

    console.log
      [AdGroup] Plumbing - Emergency | Keywords: 5 | Stage: BOF | Avg Intent: 10.0

      at src/engine/ad-group-builder.ts:64:25
          at Array.forEach (<anonymous>)

    console.log
      [AdGroup] Water Heater Repair - Emergency | Keywords: 5 | Stage: BOF | Avg Intent: 10.0

      at src/engine/ad-group-builder.ts:64:25
          at Array.forEach (<anonymous>)

    console.log
      [AdGroup] Drain Cleaning - Emergency | Keywords: 5 | Stage: BOF | Avg Intent: 10.0

      at src/engine/ad-group-builder.ts:64:25
          at Array.forEach (<anonymous>)

    console.warn
      Failed to crawl website, using heuristic fallback: TypeError: fetch failed
          at node:internal/deps/undici/undici:13502:13
          at processTicksAndRejections (node:internal/process/task_queues:105:5)
          at LandingPageScorer.fetchPage (C:\Users\REAB\Documents\Projects\ReviewRise\REVIEW-MONO-REPO\REVIEW-RISE-MONO-REPO\packages\@platform\campaign-engine\src\engine\landing-page-scorer.ts:50:26)
          at LandingPageScorer.analyze (C:\Users\REAB\Documents\Projects\ReviewRise\REVIEW-MONO-REPO\REVIEW-RISE-MONO-REPO\packages\@platform\campaign-engine\src\engine\landing-page-scorer.ts:39:26)
          at BlueprintEngineV4.generateBlueprint (C:\Users\REAB\Documents\Projects\ReviewRise\REVIEW-MONO-REPO\REVIEW-RISE-MONO-REPO\packages\@platform\campaign-engine\src\engine\blueprint-engine-v4.ts:32:37)
          at generateBlueprintV4 (C:\Users\REAB\Documents\Projects\ReviewRise\REVIEW-MONO-REPO\REVIEW-RISE-MONO-REPO\packages\@platform\campaign-engine\src\index.ts:66:12)
          at Object.<anonymous> (C:\Users\REAB\Documents\Projects\ReviewRise\REVIEW-MONO-REPO\REVIEW-RISE-MONO-REPO\packages\@platform\campaign-engine\src\__tests__\blueprint-v4.test.ts:67:22) {
        [cause]: Error: getaddrinfo ENOTFOUND austinplumbingpros.com
            at GetAddrInfoReqWrap.onlookupall [as oncomplete] (node:dns:120:26) {
          errno: -3008,
          code: 'ENOTFOUND',
          syscall: 'getaddrinfo',
          hostname: 'austinplumbingpros.com'
        }
      }

    [0m [90m 42 |[39m             [36mreturn[39m [36mthis[39m[33m.[39manalyzeRealPage($[33m,[39m input)[33m;[39m
     [90m 43 |[39m         } [36mcatch[39m (error) {
    [31m[1m>[22m[39m[90m 44 |[39m             console[33m.[39mwarn([32m'Failed to crawl website, using heuristic fallback:'[39m[33m,[39m error)[33m;[39m
     [90m    |[39m                     [31m[1m^[22m[39m
     [90m 45 |[39m             [36mreturn[39m [36mthis[39m[33m.[39manalyzeHeuristic(input)[33m;[39m
     [90m 46 |[39m         }
     [90m 47 |[39m     }[0m

      at LandingPageScorer.analyze (src/engine/landing-page-scorer.ts:44:21)
      at BlueprintEngineV4.generateBlueprint (src/engine/blueprint-engine-v4.ts:32:37)
      at generateBlueprintV4 (src/index.ts:66:12)
      at Object.<anonymous> (src/__tests__/blueprint-v4.test.ts:67:22)


Test Suites: 2 failed, 5 passed, 7 total
Tests:       1 failed, 23 passed, 24 total
Snapshots:   0 total
Time:        8.193 s, estimated 16 s
Ran all test suites.
C:\Users\REAB\Documents\Projects\ReviewRise\REVIEW-MONO-REPO\REVIEW-RISE-MONO-REPO\packages\@platform\campaign-engine:
 ERR_PNPM_RECURSIVE_RUN_FIRST_FAIL  @platform/campaign-engine@0.1.0 test: `jest`
Exit status 1
