apps/next-web/src/components/ad-rise/blueprint/ResultsCampaigns.tsx(37,54): error TS2345: Argument of type 'string' is not assignable to parameter of type 'Record<string, string | number | Date>'.
apps/next-web/src/components/ad-rise/blueprint/ResultsStrategy.tsx(69,45): error TS2345: Argument of type 'string' is not assignable to parameter of type 'Record<string, string | number | Date>'.
apps/next-web/src/components/ad-rise/blueprint/ResultsStrategy.tsx(79,64): error TS2345: Argument of type 'string' is not assignable to parameter of type 'Record<string, string | number | Date>'.
apps/next-web/src/components/ad-rise/blueprint/ResultsStrategy.tsx(87,63): error TS2345: Argument of type 'string' is not assignable to parameter of type 'Record<string, string | number | Date>'.
apps/next-web/src/components/ad-rise/blueprint/ResultsStrategy.tsx(98,60): error TS2345: Argument of type 'string' is not assignable to parameter of type 'Record<string, string | number | Date>'.
apps/next-web/src/components/ad-rise/blueprint/ResultsStrategy.tsx(110,57): error TS2345: Argument of type 'string' is not assignable to parameter of type 'Record<string, string | number | Date>'.
apps/next-web/src/components/ad-rise/blueprint/ResultsStrategy.tsx(112,58): error TS2345: Argument of type 'string' is not assignable to parameter of type 'Record<string, string | number | Date>'.
apps/next-web/src/components/ad-rise/blueprint/ResultsStrategy.tsx(121,59): error TS2345: Argument of type 'string' is not assignable to parameter of type 'Record<string, string | number | Date>'.
apps/next-web/src/components/ad-rise/blueprint/ResultsStrategy.tsx(123,64): error TS2345: Argument of type 'string' is not assignable to parameter of type 'Record<string, string | number | Date>'.
apps/next-web/src/components/ad-rise/blueprint/ResultsStrategy.tsx(130,59): error TS2345: Argument of type 'string' is not assignable to parameter of type 'Record<string, string | number | Date>'.
apps/next-web/src/components/ad-rise/blueprint/ResultsStrategy.tsx(132,64): error TS2345: Argument of type 'string' is not assignable to parameter of type 'Record<string, string | number | Date>'.
apps/next-web/src/components/ad-rise/creative-engine/CreativeLibrary.tsx(95,22): error TS2769: No overload matches this call.
  Overload 1 of 2, '(props: { component: ElementType<any, keyof IntrinsicElements>; } & GridBaseProps & { sx?: SxProps<Theme> | undefined; } & SystemProps<...> & Omit<...>): Element | null', gave the following error.
    Property 'component' is missing in type '{ children: Element[]; item: true; xs: number; md: number; xl: number; key: string; }' but required in type '{ component: ElementType<any, keyof IntrinsicElements>; }'.
  Overload 2 of 2, '(props: DefaultComponentProps<GridTypeMap<{}, "div">>): Element | null', gave the following error.
    Type '{ children: Element[]; item: true; xs: number; md: number; xl: number; key: string; }' is not assignable to type 'IntrinsicAttributes & GridBaseProps & { sx?: SxProps<Theme> | undefined; } & SystemProps<Theme> & Omit<...>'.
      Property 'item' does not exist on type 'IntrinsicAttributes & GridBaseProps & { sx?: SxProps<Theme> | undefined; } & SystemProps<Theme> & Omit<...>'.
